kotlin version: 2.2.0
error message: java.lang.AssertionError: Error occurred while optimizing an expression:
CALL 'public final fun <get-SETTLED> (): kotlin.Int declared in com.zagir.splitty.ui.components.Glossary' type=kotlin.Int origin=GET_PROPERTY
  ARG <this>: GET_OBJECT 'CLASS IR_EXTERNAL_DECLARATION_STUB OBJECT name:Glossary modality:FINAL visibility:public superTypes:[kotlin.Any]' type=com.zagir.splitty.ui.components.Glossary

	at org.jetbrains.kotlin.ir.interpreter.transformer.IrConstEvaluationContext.interpret(IrConstEvaluationContext.kt:82)
	at org.jetbrains.kotlin.ir.interpreter.transformer.IrConstExpressionTransformer.visitCall(IrConstExpressionTransformer.kt:42)
	at org.jetbrains.kotlin.ir.interpreter.transformer.IrConstOnlyNecessaryTransformer.visitCall(IrConstOnlyNecessaryTransformer.kt:34)
	at org.jetbrains.kotlin.ir.interpreter.transformer.IrConstOnlyNecessaryTransformer.visitCall(IrConstOnlyNecessaryTransformer.kt:21)
	at org.jetbrains.kotlin.ir.expressions.IrCall.accept(IrCall.kt:24)
	at org.jetbrains.kotlin.ir.expressions.IrExpression.transform(IrExpression.kt:23)
	at org.jetbrains.kotlin.ir.expressions.IrExpression.transform(IrExpression.kt:19)
	at org.jetbrains.kotlin.ir.util.TransformKt.transformInPlaceNullable(transform.kt:46)
	at org.jetbrains.kotlin.ir.expressions.IrMemberAccessExpression.transformChildren(IrMemberAccessExpression.kt:475)
	at org.jetbrains.kotlin.ir.interpreter.transformer.IrConstOnlyNecessaryTransformer.visitCall(IrConstOnlyNecessaryTransformer.kt:36)
	at org.jetbrains.kotlin.ir.interpreter.transformer.IrConstOnlyNecessaryTransformer.visitCall(IrConstOnlyNecessaryTransformer.kt:21)
	at org.jetbrains.kotlin.ir.expressions.IrCall.accept(IrCall.kt:24)
	at org.jetbrains.kotlin.ir.expressions.IrExpression.transform(IrExpression.kt:23)
	at org.jetbrains.kotlin.ir.expressions.IrExpression.transform(IrExpression.kt:19)
	at org.jetbrains.kotlin.ir.util.TransformKt.transformInPlace(transform.kt:35)
	at org.jetbrains.kotlin.ir.expressions.IrBlockBody.transformChildren(IrBlockBody.kt:27)
	at org.jetbrains.kotlin.ir.visitors.IrTransformer.visitBody(IrTransformer.kt:100)
	at org.jetbrains.kotlin.ir.visitors.IrTransformer.visitBlockBody(IrTransformer.kt:108)
	at org.jetbrains.kotlin.ir.visitors.IrTransformer.visitBlockBody(IrTransformer.kt:19)
	at org.jetbrains.kotlin.ir.expressions.IrBlockBody.accept(IrBlockBody.kt:20)
	at org.jetbrains.kotlin.ir.expressions.IrBody.transform(IrBody.kt:20)
	at org.jetbrains.kotlin.ir.declarations.IrFunction.transformChildren(IrFunction.kt:296)
	at org.jetbrains.kotlin.ir.visitors.IrTransformer.visitDeclaration(IrTransformer.kt:27)
	at org.jetbrains.kotlin.ir.visitors.IrTransformer.visitFunction(IrTransformer.kt:44)
	at org.jetbrains.kotlin.ir.interpreter.transformer.IrConstExpressionTransformer.visitFunction(IrConstExpressionTransformer.kt:37)
	at org.jetbrains.kotlin.ir.interpreter.transformer.IrConstExpressionTransformer.visitFunction(IrConstExpressionTransformer.kt:24)
	at org.jetbrains.kotlin.ir.visitors.IrTransformer.visitSimpleFunction(IrTransformer.kt:73)
	at org.jetbrains.kotlin.ir.visitors.IrTransformer.visitSimpleFunction(IrTransformer.kt:19)
	at org.jetbrains.kotlin.ir.declarations.IrSimpleFunction.accept(IrSimpleFunction.kt:39)
	at org.jetbrains.kotlin.ir.IrElementBase.transform(IrElementBase.kt:33)
	at org.jetbrains.kotlin.ir.util.TransformKt.transformInPlace(transform.kt:35)
	at org.jetbrains.kotlin.ir.declarations.IrClass.transformChildren(IrClass.kt:82)
	at org.jetbrains.kotlin.ir.visitors.IrTransformer.visitDeclaration(IrTransformer.kt:27)
	at org.jetbrains.kotlin.ir.visitors.IrTransformer.visitClass(IrTransformer.kt:35)
	at org.jetbrains.kotlin.ir.visitors.IrTransformer.visitClass(IrTransformer.kt:19)
	at org.jetbrains.kotlin.ir.declarations.IrClass.accept(IrClass.kt:72)
	at org.jetbrains.kotlin.ir.IrElementBase.transform(IrElementBase.kt:33)
	at org.jetbrains.kotlin.ir.util.TransformKt.transformInPlace(transform.kt:35)
	at org.jetbrains.kotlin.ir.declarations.IrPackageFragment.transformChildren(IrPackageFragment.kt:31)
	at org.jetbrains.kotlin.ir.visitors.IrTransformer.visitFile(IrTransformer.kt:90)
	at org.jetbrains.kotlin.ir.visitors.IrTransformer.visitFile(IrTransformer.kt:19)
	at org.jetbrains.kotlin.ir.declarations.IrFile.accept(IrFile.kt:27)
	at org.jetbrains.kotlin.ir.declarations.IrFile.transform(IrFile.kt:30)
	at org.jetbrains.kotlin.ir.declarations.IrFile.transform(IrFile.kt:19)
	at org.jetbrains.kotlin.ir.interpreter.transformer.IrConstTransformerKt.transformConst(IrConstTransformer.kt:54)
	at org.jetbrains.kotlin.ir.interpreter.transformer.IrConstTransformerKt.transformConst$default(IrConstTransformer.kt:26)
	at org.jetbrains.kotlin.fir.backend.Fir2IrConverter$Companion.evaluateConstants(Fir2IrConverter.kt:625)
	at org.jetbrains.kotlin.fir.pipeline.Fir2IrPipeline.evaluateConstants(convertToIr.kt:323)
	at org.jetbrains.kotlin.fir.pipeline.Fir2IrPipeline.runActualizationPipeline(convertToIr.kt:236)
	at org.jetbrains.kotlin.fir.pipeline.Fir2IrPipeline.convertToIrAndActualize(convertToIr.kt:128)
	at org.jetbrains.kotlin.fir.pipeline.ConvertToIrKt.convertToIrAndActualize(convertToIr.kt:97)
	at org.jetbrains.kotlin.fir.pipeline.ConvertToIrKt.convertToIrAndActualize$default(convertToIr.kt:72)
	at org.jetbrains.kotlin.cli.jvm.compiler.legacy.pipeline.JvmCompilerPipelineKt.convertToIrAndActualizeForJvm(jvmCompilerPipeline.kt:109)
	at org.jetbrains.kotlin.cli.pipeline.jvm.JvmFir2IrPipelinePhase.executePhase(JvmFir2IrPipelinePhase.kt:26)
	at org.jetbrains.kotlin.cli.pipeline.jvm.JvmFir2IrPipelinePhase.executePhase(JvmFir2IrPipelinePhase.kt:17)
	at org.jetbrains.kotlin.cli.pipeline.PipelinePhase.phaseBody(PipelinePhase.kt:68)
	at org.jetbrains.kotlin.cli.pipeline.PipelinePhase.phaseBody(PipelinePhase.kt:58)
	at org.jetbrains.kotlin.config.phaser.NamedCompilerPhase.invoke(CompilerPhase.kt:102)
	at org.jetbrains.kotlin.backend.common.phaser.CompositePhase.invoke(PhaseBuilders.kt:22)
	at org.jetbrains.kotlin.config.phaser.CompilerPhaseKt.invokeToplevel(CompilerPhase.kt:53)
	at org.jetbrains.kotlin.cli.pipeline.AbstractCliPipeline.runPhasedPipeline(AbstractCliPipeline.kt:109)
	at org.jetbrains.kotlin.cli.pipeline.AbstractCliPipeline.execute(AbstractCliPipeline.kt:68)
	at org.jetbrains.kotlin.cli.jvm.K2JVMCompiler.doExecutePhased(K2JVMCompiler.kt:78)
	at org.jetbrains.kotlin.cli.jvm.K2JVMCompiler.doExecutePhased(K2JVMCompiler.kt:44)
	at org.jetbrains.kotlin.cli.common.CLICompiler.execImpl(CLICompiler.kt:90)
	at org.jetbrains.kotlin.cli.common.CLICompiler.exec(CLICompiler.kt:352)
	at org.jetbrains.kotlin.incremental.IncrementalJvmCompilerRunnerBase.runCompiler(IncrementalJvmCompilerRunnerBase.kt:175)
	at org.jetbrains.kotlin.incremental.IncrementalJvmCompilerRunnerBase.runCompiler(IncrementalJvmCompilerRunnerBase.kt:38)
	at org.jetbrains.kotlin.incremental.IncrementalCompilerRunner.doCompile(IncrementalCompilerRunner.kt:504)
	at org.jetbrains.kotlin.incremental.IncrementalCompilerRunner.compileImpl(IncrementalCompilerRunner.kt:421)
	at org.jetbrains.kotlin.incremental.IncrementalCompilerRunner.compileNonIncrementally(IncrementalCompilerRunner.kt:306)
	at org.jetbrains.kotlin.incremental.IncrementalCompilerRunner.compile(IncrementalCompilerRunner.kt:133)
	at org.jetbrains.kotlin.daemon.CompileServiceImplBase.execIncrementalCompiler(CompileServiceImpl.kt:679)
	at org.jetbrains.kotlin.daemon.CompileServiceImplBase.access$execIncrementalCompiler(CompileServiceImpl.kt:93)
	at org.jetbrains.kotlin.daemon.CompileServiceImpl.compile(CompileServiceImpl.kt:1806)
	at java.base/jdk.internal.reflect.DirectMethodHandleAccessor.invoke(DirectMethodHandleAccessor.java:104)
	at java.base/java.lang.reflect.Method.invoke(Method.java:565)
	at java.rmi/sun.rmi.server.UnicastServerRef.dispatch(UnicastServerRef.java:351)
	at java.rmi/sun.rmi.transport.Transport.serviceCall(Transport.java:166)
	at java.rmi/sun.rmi.transport.tcp.TCPTransport.handleMessages(TCPTransport.java:543)
	at java.rmi/sun.rmi.transport.tcp.TCPTransport$ConnectionHandler.run0(TCPTransport.java:744)
	at java.rmi/sun.rmi.transport.tcp.TCPTransport$ConnectionHandler.run(TCPTransport.java:623)
	at java.base/java.util.concurrent.ThreadPoolExecutor.runWorker(ThreadPoolExecutor.java:1095)
	at java.base/java.util.concurrent.ThreadPoolExecutor$Worker.run(ThreadPoolExecutor.java:619)
	at java.base/java.lang.Thread.run(Thread.java:1447)
Caused by: org.jetbrains.kotlin.ir.interpreter.exceptions.InterpreterMethodNotFoundError: Unknown function: SETTLED(com.zagir.splitty.ui.components.Glossary)
	at org.jetbrains.kotlin.ir.interpreter.builtins.IrBuiltInsMapGeneratedKt.interpretUnaryFunction(IrBuiltInsMapGenerated.kt:193)
	at org.jetbrains.kotlin.ir.interpreter.DefaultCallInterceptor.interpretBuiltinFunction(CallInterceptor.kt:176)
	at org.jetbrains.kotlin.ir.interpreter.DefaultCallInterceptor.calculateBuiltIns(CallInterceptor.kt:166)
	at org.jetbrains.kotlin.ir.interpreter.DefaultCallInterceptor.interceptCall(CallInterceptor.kt:72)
	at org.jetbrains.kotlin.ir.interpreter.IrInterpreter.interpretCall(IrInterpreter.kt:196)
	at org.jetbrains.kotlin.ir.interpreter.IrInterpreter.interpret(IrInterpreter.kt:93)
	at org.jetbrains.kotlin.ir.interpreter.IrInterpreter.handle(IrInterpreter.kt:52)
	at org.jetbrains.kotlin.ir.interpreter.IrInterpreter.interpret(IrInterpreter.kt:63)
	at org.jetbrains.kotlin.ir.interpreter.transformer.IrConstEvaluationContext.interpret(IrConstEvaluationContext.kt:76)
	... 84 more


